<?xml version="1.0" encoding="UTF-8" ?>
<testsuites>
<testsuite name="Validate Article functionality" errors="0" tests="8" failures="0" time="0.694" timestamp="2019-11-19T14:02:41">
  <testcase classname="Validate Article functionality" name="Backend: Unit test to validate POST /login" time="0.06"></testcase>
  <testcase classname="Validate Article functionality" name="Backend: Unit test to validate POST /register" time="0.056"></testcase>
  <testcase classname="Validate Article functionality" name="Backend: Unit test to validate GET /headlines" time="0.086"></testcase>
  <testcase classname="Validate Article functionality" name="Backend: Unit test to validate GET /articles" time="0.129"></testcase>
  <testcase classname="Validate Article functionality" name="Backend: Unit test to validate GET /articles/id" time="0.128"></testcase>
  <testcase classname="Validate Article functionality" name="Backend: Unit test to validate PUT /headline" time="0.085"></testcase>
  <testcase classname="Validate Article functionality" name="Backend:Unit test to validate POST /article" time="0.088"></testcase>
  <testcase classname="Validate Article functionality" name="Backend: Unit test to validate PUT /logout" time="0.053"></testcase>
</testsuite>
</testsuites>